
PC23-LAB1@DESKTOP-E4JLKCF MINGW64 ~ (master)
$ git config --global --list
user.email=ajrafon@gmail.com
user.name=Rjun

PC23-LAB1@DESKTOP-E4JLKCF MINGW64 ~ (master)
$ cd desktop

PC23-LAB1@DESKTOP-E4JLKCF MINGW64 ~/desktop (master)
$ mkdir BruhMoment

PC23-LAB1@DESKTOP-E4JLKCF MINGW64 ~/desktop (master)
$ cd BruhMoment

PC23-LAB1@DESKTOP-E4JLKCF MINGW64 ~/desktop/BruhMoment (master)
$ git init
Initialized empty Git repository in C:/Users/PC23-LAB1/Desktop/BruhMoment/.git/

PC23-LAB1@DESKTOP-E4JLKCF MINGW64 ~/desktop/BruhMoment (master)
$ touch index.html

PC23-LAB1@DESKTOP-E4JLKCF MINGW64 ~/desktop/BruhMoment (master)
$ touch style.css

PC23-LAB1@DESKTOP-E4JLKCF MINGW64 ~/desktop/BruhMoment (master)
$ touch app.js

PC23-LAB1@DESKTOP-E4JLKCF MINGW64 ~/desktop/BruhMoment (master)
$ ls
app.js  index.html  style.css

PC23-LAB1@DESKTOP-E4JLKCF MINGW64 ~/desktop/BruhMoment (master)
$ git status
On branch master

No commits yet

Untracked files:
  (use "git add <file>..." to include in what will be committed)
        app.js
        index.html
        style.css

nothing added to commit but untracked files present (use "git add" to track)

PC23-LAB1@DESKTOP-E4JLKCF MINGW64 ~/desktop/BruhMoment (master)
$ git add .
\
PC23-LAB1@DESKTOP-E4JLKCF MINGW64 ~/desktop/BruhMoment (master)
$ git status
On branch master

No commits yet

Changes to be committed:
  (use "git rm --cached <file>..." to unstage)
        new file:   app.js
        new file:   index.html
        new file:   style.css


PC23-LAB1@DESKTOP-E4JLKCF MINGW64 ~/desktop/BruhMoment (master)
$ git branch

PC23-LAB1@DESKTOP-E4JLKCF MINGW64 ~/desktop/BruhMoment (master)
$ git branch development
fatal: not a valid object name: 'master'

PC23-LAB1@DESKTOP-E4JLKCF MINGW64 ~/desktop/BruhMoment (master)
$ git commit -m "trying to branch, tbh."
[master (root-commit) 105c4b2] trying to branch, tbh.
 3 files changed, 0 insertions(+), 0 deletions(-)
 create mode 100644 app.js
 create mode 100644 index.html
 create mode 100644 style.css

PC23-LAB1@DESKTOP-E4JLKCF MINGW64 ~/desktop/BruhMoment (master)
$ git log
commit 105c4b2c08a09a98ac6dc442991c1c346f1ea4c9 (HEAD -> master)
Author: Rjun <ajrafon@gmail.com>
Date:   Fri Jan 30 10:28:14 2026 +0800

    trying to branch, tbh.

PC23-LAB1@DESKTOP-E4JLKCF MINGW64 ~/desktop/BruhMoment (master)
$ git remote add origin https://github.com/ArjuntheRageGuy/trying-to-branch-fr-fr.git

PC23-LAB1@DESKTOP-E4JLKCF MINGW64 ~/desktop/BruhMoment (master)
$ git branch -M main

PC23-LAB1@DESKTOP-E4JLKCF MINGW64 ~/desktop/BruhMoment (main)
$ git push -u origin main
info: please complete authentication in your browser...
Enumerating objects: 3, done.
Counting objects: 100% (3/3), done.
Delta compression using up to 12 threads
Compressing objects: 100% (2/2), done.
Writing objects: 100% (3/3), 237 bytes | 237.00 KiB/s, done.
Total 3 (delta 0), reused 0 (delta 0), pack-reused 0 (from 0)
To https://github.com/ArjuntheRageGuy/trying-to-branch-fr-fr.git
 * [new branch]      main -> main
branch 'main' set up to track 'origin/main'.

PC23-LAB1@DESKTOP-E4JLKCF MINGW64 ~/desktop/BruhMoment (main)
$ git branch
* main

PC23-LAB1@DESKTOP-E4JLKCF MINGW64 ~/desktop/BruhMoment (main)
$ git branch development

PC23-LAB1@DESKTOP-E4JLKCF MINGW64 ~/desktop/BruhMoment (main)
$ git branch
  development
* main

PC23-LAB1@DESKTOP-E4JLKCF MINGW64 ~/desktop/BruhMoment (main)
$ git checkout development
Switched to branch 'development'

PC23-LAB1@DESKTOP-E4JLKCF MINGW64 ~/desktop/BruhMoment (development)
$ git push
fatal: The current branch development has no upstream branch.
To push the current branch and set the remote as upstream, use

    git push --set-upstream origin development

To have this happen automatically for branches without a tracking
upstream, see 'push.autoSetupRemote' in 'git help config'.


PC23-LAB1@DESKTOP-E4JLKCF MINGW64 ~/desktop/BruhMoment (development)
$ git push development
fatal: 'development' does not appear to be a git repository
fatal: Could not read from remote repository.

Please make sure you have the correct access rights
and the repository exists.

PC23-LAB1@DESKTOP-E4JLKCF MINGW64 ~/desktop/BruhMoment (development)
$ git add .

PC23-LAB1@DESKTOP-E4JLKCF MINGW64 ~/desktop/BruhMoment (development)
$ git status
On branch development
nothing to commit, working tree clean

PC23-LAB1@DESKTOP-E4JLKCF MINGW64 ~/desktop/BruhMoment (development)
$ git push --set-upstream origin development
Total 0 (delta 0), reused 0 (delta 0), pack-reused 0 (from 0)
remote:
remote: Create a pull request for 'development' on GitHub by visiting:
remote:      https://github.com/ArjuntheRageGuy/trying-to-branch-fr-fr/pull/new/development
remote:
To https://github.com/ArjuntheRageGuy/trying-to-branch-fr-fr.git
 * [new branch]      development -> development
branch 'development' set up to track 'origin/development'.

PC23-LAB1@DESKTOP-E4JLKCF MINGW64 ~/desktop/BruhMoment (development)
$

PC23-LAB1@DESKTOP-E4JLKCF MINGW64 ~/desktop/BruhMoment (development)
$ git push origin development
Everything up-to-date

PC23-LAB1@DESKTOP-E4JLKCF MINGW64 ~/desktop/BruhMoment (development)
$ code .

PC23-LAB1@DESKTOP-E4JLKCF MINGW64 ~/desktop/BruhMoment (development)
$ git add server.php

PC23-LAB1@DESKTOP-E4JLKCF MINGW64 ~/desktop/BruhMoment (development)
$ git commit -m 'added file'
[development e6e9888] added file
 1 file changed, 0 insertions(+), 0 deletions(-)
 create mode 100644 server.php

PC23-LAB1@DESKTOP-E4JLKCF MINGW64 ~/desktop/BruhMoment (development)
$ git push
Enumerating objects: 3, done.
Counting objects: 100% (3/3), done.
Delta compression using up to 12 threads
Compressing objects: 100% (2/2), done.
Writing objects: 100% (2/2), 229 bytes | 229.00 KiB/s, done.
Total 2 (delta 1), reused 0 (delta 0), pack-reused 0 (from 0)
remote: Resolving deltas: 100% (1/1), completed with 1 local object.
To https://github.com/ArjuntheRageGuy/trying-to-branch-fr-fr.git
   105c4b2..e6e9888  development -> development

PC23-LAB1@DESKTOP-E4JLKCF MINGW64 ~/desktop/BruhMoment (development)
$ git checkout main
Switched to branch 'main'
Your branch is up to date with 'origin/main'.

PC23-LAB1@DESKTOP-E4JLKCF MINGW64 ~/desktop/BruhMoment (main)
$ git add server.php
fatal: pathspec 'server.php' did not match any files

PC23-LAB1@DESKTOP-E4JLKCF MINGW64 ~/desktop/BruhMoment (main)
$ git checkout development
Switched to branch 'development'
Your branch is up to date with 'origin/development'.

PC23-LAB1@DESKTOP-E4JLKCF MINGW64 ~/desktop/BruhMoment (development)
$ git checkout main
Switched to branch 'main'
Your branch is up to date with 'origin/main'.

PC23-LAB1@DESKTOP-E4JLKCF MINGW64 ~/desktop/BruhMoment (main)
$
PS C:\Users\PC23-LAB1\desktop\BruhMoment> git status
On branch main
Your branch is up to date with 'origin/main'.


nothing to commit, working tree clean
PS C:\Users\PC23-LAB1\desktop\BruhMoment> https://github.com/ArjuntheRageGuy/trying-to-branch-fr-fr.git
https://github.com/ArjuntheRageGuy/trying-to-branch
-fr-fr.git : The term 'https://github.com/ArjuntheR
ageGuy/trying-to-branch-fr-fr.git' is not 
recognized as the name of a cmdlet, function, 
script file, or operable program. Check the 
spelling of the name, or if a path was included,    
verify that the path is correct and try again.      
At line:1 char:1
+ https://github.com/ArjuntheRageGuy/trying-to-bran 
ch-fr-fr.git
+ ~~~~~~~~~~~~~~~~~~~~~~~~~~~~~~~~~~~~~~~~~~~~~~~~~ 
~~~~~~~~~~~~
    + CategoryInfo          : ObjectNotFound: (htt  
   ps://github....ranch-fr-fr.git:String) [], Com   
  mandNotFoundException
    + FullyQualifiedErrorId : CommandNotFoundExcep  
   tion

PS C:\Users\PC23-LAB1\desktop\BruhMoment> 